# S2 bridge 最小单测集合
started_utc=2026-02-26T03:12:08Z
started_utc8=2026-02-26T11:12:08+0800
$ pnpm vitest run --config vitest.extensions.config.ts <6 test files>

 RUN  v4.0.18 /Users/muqihang/chelingxi_workspace/clawdbot

 ✓ extensions/memory-mem0-graphiti-bridge/src/__tests__/p3-reporting.test.ts (1 test) 2ms
 ✓ extensions/memory-mem0-graphiti-bridge/src/__tests__/read-router.test.ts (4 tests) 3ms
 ✓ extensions/memory-mem0-graphiti-bridge/src/__tests__/p3-retrieval-eval.test.ts (2 tests) 7ms
 ✓ extensions/memory-mem0-graphiti-bridge/src/__tests__/clients.test.ts (5 tests) 6ms
 ✓ extensions/memory-mem0-graphiti-bridge/src/__tests__/memory-search-tool.test.ts (4 tests) 6ms
 ✓ extensions/memory-mem0-graphiti-bridge/src/__tests__/p3-outbox-worker.test.ts (5 tests) 41ms

 Test Files  6 passed (6)
      Tests  21 passed (21)
   Start at  11:12:09
   Duration  498ms (transform 1.21s, setup 1.25s, import 365ms, tests 64ms, environment 0ms)

primary_exit_code=0
used_command=primary
fallback_trigger=not_used
final_status=pass
step_exit_code=0
ended_utc=2026-02-26T03:12:09Z
ended_utc8=2026-02-26T11:12:09+0800
