# S1 依赖与类型检查
started_utc=2026-02-25T07:18:18Z
started_utc8=2026-02-25T15:18:18+0800
$ pnpm install
Scope: all 37 workspace projects
 ERR_PNPM_ABORTED_REMOVE_MODULES_DIR_NO_TTY  Aborted removal of modules directory due to no TTY

If you are running pnpm in CI, set the CI environment variable to "true".
install_exit_code=1
$ pnpm tsgo
extensions/diagnostics-otel/src/service.ts(3,33): error TS2307: Cannot find module '@opentelemetry/exporter-logs-otlp-proto' or its corresponding type declarations.
extensions/diagnostics-otel/src/service.ts(4,36): error TS2307: Cannot find module '@opentelemetry/exporter-metrics-otlp-proto' or its corresponding type declarations.
extensions/diagnostics-otel/src/service.ts(5,35): error TS2307: Cannot find module '@opentelemetry/exporter-trace-otlp-proto' or its corresponding type declarations.
extensions/memory-jarvis-bridge/src/quota/degrade-policy.ts(89,18): error TS2367: This comparison appears to be unintentional because the types '"degraded"' and '"blocked"' have no overlap.
extensions/memory-mem0-graphiti-bridge/index.test.ts(174,12): error TS7053: Element implicitly has an 'any' type because expression of type '0' can't be used to index type '{}'.
  Property '0' does not exist on type '{}'.
extensions/memory-mem0-graphiti-bridge/index.test.ts(175,12): error TS7053: Element implicitly has an 'any' type because expression of type '1' can't be used to index type '{}'.
  Property '1' does not exist on type '{}'.
extensions/memory-mem0-graphiti-bridge/index.test.ts(177,31): error TS7053: Element implicitly has an 'any' type because expression of type '0' can't be used to index type '{}'.
  Property '0' does not exist on type '{}'.
extensions/memory-mem0-graphiti-bridge/index.test.ts(192,28): error TS7053: Element implicitly has an 'any' type because expression of type '1' can't be used to index type '{}'.
  Property '1' does not exist on type '{}'.
extensions/memory-mem0-graphiti-bridge/index.test.ts(290,29): error TS2352: Conversion of type 'undefined' to type '{ indexCheckProvider?: ((input: { sessionKey: string; sourceRef: string; }) => Promise<boolean>) | undefined; }' may be a mistake because neither type sufficiently overlaps with the other. If this was intentional, convert the expression to 'unknown' first.
extensions/memory-mem0-graphiti-bridge/index.test.ts(290,76): error TS2493: Tuple type '[]' of length '0' has no element at index '0'.
extensions/memory-mem0-graphiti-bridge/src/__tests__/memory-search-tool.test.ts(125,11): error TS2322: Type 'Mock<() => Promise<{ path: string; startLine: number; endLine: number; score: number; snippet: string; source: string; remoteId: string; }[]>>' is not assignable to type '(query: string) => Promise<BridgeSearchHit[]>'.
  Type 'Promise<{ path: string; startLine: number; endLine: number; score: number; snippet: string; source: string; remoteId: string; }[]>' is not assignable to type 'Promise<BridgeSearchHit[]>'.
    Type '{ path: string; startLine: number; endLine: number; score: number; snippet: string; source: string; remoteId: string; }[]' is not assignable to type 'BridgeSearchHit[]'.
      Type '{ path: string; startLine: number; endLine: number; score: number; snippet: string; source: string; remoteId: string; }' is not assignable to type 'BridgeSearchHit'.
        Types of property 'source' are incompatible.
          Type 'string' is not assignable to type 'BridgeRemoteSource'.
extensions/memory-mem0-graphiti-bridge/src/__tests__/memory-search-tool.test.ts(174,11): error TS2322: Type 'Mock<() => Promise<{ path: string; startLine: number; endLine: number; score: number; snippet: string; source: string; remoteId: string; }[]>>' is not assignable to type '(query: string) => Promise<BridgeSearchHit[]>'.
  Type 'Promise<{ path: string; startLine: number; endLine: number; score: number; snippet: string; source: string; remoteId: string; }[]>' is not assignable to type 'Promise<BridgeSearchHit[]>'.
    Type '{ path: string; startLine: number; endLine: number; score: number; snippet: string; source: string; remoteId: string; }[]' is not assignable to type 'BridgeSearchHit[]'.
      Type '{ path: string; startLine: number; endLine: number; score: number; snippet: string; source: string; remoteId: string; }' is not assignable to type 'BridgeSearchHit'.
        Types of property 'source' are incompatible.
          Type 'string' is not assignable to type 'BridgeRemoteSource'.
extensions/memory-mem0-graphiti-bridge/src/p2/manual-cli.ts(4,15): error TS2305: Module '"openclaw/plugin-sdk"' has no exported member 'PluginLogger'.
extensions/memory-mem0-graphiti-bridge/src/p3/ab-eval.ts(329,7): error TS18048: 'existing' is possibly 'undefined'.
extensions/memory-mem0-graphiti-bridge/src/p3/ab-eval.ts(330,7): error TS18048: 'existing' is possibly 'undefined'.
extensions/memory-mem0-graphiti-bridge/src/p3/manual-cli.ts(4,15): error TS2305: Module '"openclaw/plugin-sdk"' has no exported member 'PluginLogger'.
extensions/memory-mem0-graphiti-bridge/src/p3/retrieval-eval.ts(108,27): error TS2345: Argument of type 'string' is not assignable to parameter of type '"episodes" | "facts" | "nodes"'.
extensions/memory-mem0-graphiti-bridge/src/tools/memory-get-tool.ts(75,5): error TS2322: Type '(toolCallId: string, params: any) => Promise<AgentToolResult<unknown> | JsonResult>' is not assignable to type '(toolCallId: string, params: any, signal?: AbortSignal | undefined, onUpdate?: AgentToolUpdateCallback<unknown> | undefined) => Promise<AgentToolResult<unknown>>'.
  Type 'Promise<AgentToolResult<unknown> | JsonResult>' is not assignable to type 'Promise<AgentToolResult<unknown>>'.
    Type 'AgentToolResult<unknown> | JsonResult' is not assignable to type 'AgentToolResult<unknown>'.
      Type 'JsonResult' is not assignable to type 'AgentToolResult<unknown>'.
        Types of property 'content' are incompatible.
          Type '{ type: string; text: string; }[]' is not assignable to type '(ImageContent | TextContent)[]'.
            Type '{ type: string; text: string; }' is not assignable to type 'ImageContent | TextContent'.
              Type '{ type: string; text: string; }' is not assignable to type 'TextContent'.
                Types of property 'type' are incompatible.
                  Type 'string' is not assignable to type '"text"'.
extensions/memory-mem0-graphiti-bridge/src/tools/memory-search-tool.ts(204,13): error TS2339: Property 'citations' does not exist on type '{ results: Record<string, unknown>[]; provider: BridgeRoute; model: BridgeRoute; mode: BridgeReadMode; alias_normalization: boolean; structures: Record<...>; }'.
extensions/memory-mem0-graphiti-bridge/src/tools/memory-search-tool.ts(214,5): error TS2322: Type '(toolCallId: string, params: any) => Promise<AgentToolResult<unknown> | JsonResult>' is not assignable to type '(toolCallId: string, params: any, signal?: AbortSignal | undefined, onUpdate?: AgentToolUpdateCallback<unknown> | undefined) => Promise<AgentToolResult<unknown>>'.
  Type 'Promise<AgentToolResult<unknown> | JsonResult>' is not assignable to type 'Promise<AgentToolResult<unknown>>'.
    Type 'AgentToolResult<unknown> | JsonResult' is not assignable to type 'AgentToolResult<unknown>'.
      Type 'JsonResult' is not assignable to type 'AgentToolResult<unknown>'.
        Types of property 'content' are incompatible.
          Type '{ type: string; text: string; }[]' is not assignable to type '(ImageContent | TextContent)[]'.
            Type '{ type: string; text: string; }' is not assignable to type 'ImageContent | TextContent'.
              Type '{ type: string; text: string; }' is not assignable to type 'TextContent'.
                Types of property 'type' are incompatible.
                  Type 'string' is not assignable to type '"text"'.
tsgo_primary_exit_code=2
used_command=primary
step_exit_code=1
ended_utc=2026-02-25T07:18:34Z
ended_utc8=2026-02-25T15:18:34+0800

# retry_attempt=1 reason=pnpm_install_no_tty
retry_started_utc=2026-02-25T07:18:57Z
$ CI=true pnpm install
Scope: all 37 workspace projects
Recreating /Users/muqihang/chelingxi_workspace/clawdbot/node_modules
 ERR_PNPM_OUTDATED_LOCKFILE  Cannot install with "frozen-lockfile" because pnpm-lock.yaml is not up to date with <ROOT>/extensions/memory-mem0-graphiti-bridge/package.json

Note that in CI environments this setting is true by default. If you still need to run install in such cases, use "pnpm install --no-frozen-lockfile"

  Failure reason:
  specifiers in the lockfile don't match specifiers in package.json:
* 1 dependencies were added: openclaw@workspace:*

install_retry_exit_code=1
$ pnpm tsgo
undefined
 ERR_PNPM_RECURSIVE_EXEC_FIRST_FAIL  Command "tsgo" not found
tsgo_retry_exit_code=254
retry_result=fail
retry_ended_utc=2026-02-25T07:19:07Z

# retry_attempt=1b fallback_for_tsgo_unavailable
$ node node_modules/@typescript/native-preview/bin/tsgo.js
node:internal/modules/cjs/loader:1413
  throw err;
  ^

Error: Cannot find module '/Users/muqihang/chelingxi_workspace/clawdbot/node_modules/@typescript/native-preview/bin/tsgo.js'
    at Module._resolveFilename (node:internal/modules/cjs/loader:1410:15)
    at defaultResolveImpl (node:internal/modules/cjs/loader:1051:19)
    at resolveForCJSWithHooks (node:internal/modules/cjs/loader:1056:22)
    at Module._load (node:internal/modules/cjs/loader:1219:37)
    at TracingChannel.traceSync (node:diagnostics_channel:322:14)
    at wrapModuleLoad (node:internal/modules/cjs/loader:238:24)
    at Module.executeUserEntryPoint [as runMain] (node:internal/modules/run_main:154:5)
    at node:internal/main/run_main_module:33:47 {
  code: 'MODULE_NOT_FOUND',
  requireStack: []
}

Node.js v24.7.0
tsgo_fallback_exit_code=1

final_used_command=fallback
final_step_exit_code=1
