# S2 bridge 最小单测集合
started_utc=2026-02-25T07:19:48Z
started_utc8=2026-02-25T15:19:48+0800
$ pnpm vitest run --config vitest.unit.config.ts extensions/memory-mem0-graphiti-bridge/src/__tests__/read-router.test.ts extensions/memory-mem0-graphiti-bridge/src/__tests__/clients.test.ts extensions/memory-mem0-graphiti-bridge/src/__tests__/memory-search-tool.test.ts extensions/memory-mem0-graphiti-bridge/src/__tests__/p3-outbox-worker.test.ts extensions/memory-mem0-graphiti-bridge/src/__tests__/p3-reporting.test.ts extensions/memory-mem0-graphiti-bridge/src/__tests__/p3-retrieval-eval.test.ts
undefined
 ERR_PNPM_RECURSIVE_EXEC_FIRST_FAIL  Command "vitest" not found

Did you mean "pnpm test"?
primary_exit_code=254
fallback_trigger=vitest_primary_unavailable
$ node node_modules/vitest/vitest.mjs run --config vitest.unit.config.ts extensions/memory-mem0-graphiti-bridge/src/__tests__/read-router.test.ts extensions/memory-mem0-graphiti-bridge/src/__tests__/clients.test.ts extensions/memory-mem0-graphiti-bridge/src/__tests__/memory-search-tool.test.ts extensions/memory-mem0-graphiti-bridge/src/__tests__/p3-outbox-worker.test.ts extensions/memory-mem0-graphiti-bridge/src/__tests__/p3-reporting.test.ts extensions/memory-mem0-graphiti-bridge/src/__tests__/p3-retrieval-eval.test.ts
node:internal/modules/cjs/loader:1413
  throw err;
  ^

Error: Cannot find module '/Users/muqihang/chelingxi_workspace/clawdbot/node_modules/vitest/vitest.mjs'
    at Module._resolveFilename (node:internal/modules/cjs/loader:1410:15)
    at defaultResolveImpl (node:internal/modules/cjs/loader:1051:19)
    at resolveForCJSWithHooks (node:internal/modules/cjs/loader:1056:22)
    at Module._load (node:internal/modules/cjs/loader:1219:37)
    at TracingChannel.traceSync (node:diagnostics_channel:322:14)
    at wrapModuleLoad (node:internal/modules/cjs/loader:238:24)
    at Module.executeUserEntryPoint [as runMain] (node:internal/modules/run_main:154:5)
    at node:internal/main/run_main_module:33:47 {
  code: 'MODULE_NOT_FOUND',
  requireStack: []
}

Node.js v24.7.0
fallback_exit_code=1
used_command=fallback
step_exit_code=1
ended_utc=2026-02-25T07:19:49Z
ended_utc8=2026-02-25T15:19:49+0800
