# S2 bridge 最小单测集合
started_utc=2026-02-25T09:18:10Z
started_utc8=2026-02-25T17:18:10+0800
$ pnpm vitest run --config vitest.extensions.config.ts <6 test files>

 RUN  v4.0.18 /Users/muqihang/chelingxi_workspace/clawdbot

 ✓ extensions/memory-mem0-graphiti-bridge/src/__tests__/read-router.test.ts (4 tests) 3ms
 ✓ extensions/memory-mem0-graphiti-bridge/src/__tests__/clients.test.ts (5 tests) 5ms
 ✓ extensions/memory-mem0-graphiti-bridge/src/__tests__/memory-search-tool.test.ts (4 tests) 7ms
 ✓ extensions/memory-mem0-graphiti-bridge/src/__tests__/p3-outbox-worker.test.ts (5 tests) 54ms
 ✓ extensions/memory-mem0-graphiti-bridge/src/__tests__/p3-retrieval-eval.test.ts (2 tests) 4ms
 ✓ extensions/memory-mem0-graphiti-bridge/src/__tests__/p3-reporting.test.ts (1 test) 2ms

 Test Files  6 passed (6)
      Tests  21 passed (21)
   Start at  17:18:12
   Duration  493ms (transform 718ms, setup 800ms, import 207ms, tests 75ms, environment 0ms)

primary_exit_code=0
used_command=primary
final_status=pass
step_exit_code=0
ended_utc=2026-02-25T09:18:13Z
ended_utc8=2026-02-25T17:18:13+0800
