Client:
 Version:    28.0.1
 Context:    desktop-linux
 Debug Mode: false
 Plugins:
  ai: Docker AI Agent - Ask Gordon (Docker Inc.)
    Version:  v0.9.4
    Path:     /Users/muqihang/.docker/cli-plugins/docker-ai
  buildx: Docker Buildx (Docker Inc.)
    Version:  v0.21.1-desktop.2
    Path:     /Users/muqihang/.docker/cli-plugins/docker-buildx
  compose: Docker Compose (Docker Inc.)
    Version:  2.37.0
    Path:     /opt/homebrew/lib/docker/cli-plugins/docker-compose
  debug: Get a shell into any image or container (Docker Inc.)
    Version:  0.0.38
    Path:     /Users/muqihang/.docker/cli-plugins/docker-debug
  desktop: Docker Desktop commands (Beta) (Docker Inc.)
    Version:  v0.1.5
    Path:     /Users/muqihang/.docker/cli-plugins/docker-desktop
  dev: Docker Dev Environments (Docker Inc.)
    Version:  v0.1.2
    Path:     /Users/muqihang/.docker/cli-plugins/docker-dev
  extension: Manages Docker extensions (Docker Inc.)
    Version:  v0.2.27
    Path:     /Users/muqihang/.docker/cli-plugins/docker-extension
  feedback: Provide feedback, right in your terminal! (Docker Inc.)
    Version:  v1.0.5
    Path:     /Users/muqihang/.docker/cli-plugins/docker-feedback
  init: Creates Docker-related starter files for your project (Docker Inc.)
    Version:  v1.4.0
    Path:     /Users/muqihang/.docker/cli-plugins/docker-init
  sbom: View the packaged-based Software Bill Of Materials (SBOM) for an image (Anchore Inc.)
    Version:  0.6.0
    Path:     /Users/muqihang/.docker/cli-plugins/docker-sbom
  scout: Docker Scout (Docker Inc.)
    Version:  v1.16.3
    Path:     /Users/muqihang/.docker/cli-plugins/docker-scout

Server:
 Containers: 21
  Running: 3
  Paused: 0
  Stopped: 18
 Images: 103
 Server Version: 28.0.1
 Storage Driver: overlay2
  Backing Filesystem: extfs
  Supports d_type: true
  Using metacopy: false
  Native Overlay Diff: true
  userxattr: false
 Logging Driver: json-file
 Cgroup Driver: cgroupfs
 Cgroup Version: 2
 Plugins:
  Volume: local
  Network: bridge host ipvlan macvlan null overlay
  Log: awslogs fluentd gcplogs gelf journald json-file local splunk syslog
 CDI spec directories:
  /etc/cdi
  /var/run/cdi
 Swarm: inactive
 Runtimes: io.containerd.runc.v2 runc
 Default Runtime: runc
 Init Binary: docker-init
 containerd version: bcc810d6b9066471b0b6fa75f557a15a1cbf31bb
 runc version: v1.2.4-0-g6c52b3f
 init version: de40ad0
 Security Options:
  seccomp
   Profile: unconfined
  cgroupns
 Kernel Version: 6.10.14-linuxkit
 Operating System: Docker Desktop
 OSType: linux
 Architecture: aarch64
 CPUs: 8
 Total Memory: 7.751GiB
 Name: docker-desktop
 ID: eb40bab7-087e-4502-bc2f-1775795189a3
 Docker Root Dir: /var/lib/docker
 Debug Mode: false
 HTTP Proxy: http.docker.internal:3128
 HTTPS Proxy: http.docker.internal:3128
 No Proxy: hubproxy.docker.internal
 Labels:
  com.docker.desktop.address=unix:///Users/muqihang/Library/Containers/com.docker.docker/Data/docker-cli.sock
 Experimental: false
 Insecure Registries:
  hubproxy.docker.internal:5555
  ::1/128
  127.0.0.0/8
 Registry Mirrors:
  https://docker.m.daocloud.io/
  https://docker.1panel.live/
  https://hub.rat.dev/
  https://0cyialp5.mirror.aliyuncs.com/
 Live Restore Enabled: false

WARNING: daemon is not using the default seccomp profile
