{
  "generated_at": "2026-03-01T18:40:48.081Z",
  "bounded_runs": 5,
  "stability_runs": 10,
  "baseline": {
    "top1_paths_unique": 1,
    "top1_paths": [
      "MEMORY.md",
      "MEMORY.md",
      "MEMORY.md",
      "MEMORY.md",
      "MEMORY.md",
      "MEMORY.md",
      "MEMORY.md",
      "MEMORY.md",
      "MEMORY.md",
      "MEMORY.md"
    ]
  },
  "variant": {
    "top1_paths_unique": 1,
    "top1_paths": [
      "MEMORY.md",
      "MEMORY.md",
      "MEMORY.md",
      "MEMORY.md",
      "MEMORY.md",
      "MEMORY.md",
      "MEMORY.md",
      "MEMORY.md",
      "MEMORY.md",
      "MEMORY.md"
    ]
  },
  "invariant_top1": true
}
